\BOOKMARK [1][-]{section.1}{\376\377\000P\000r\000e\000g\000u\000n\000t\000a\000\040\000y\000\040\000c\000o\000n\000t\000e\000x\000t\000o}{}% 1
\BOOKMARK [1][-]{section.2}{\376\377\000F\000u\000e\000n\000t\000e\000,\000\040\000d\000a\000t\000o\000s\000\040\000y\000\040\000\351\000t\000i\000c\000a}{}% 2
\BOOKMARK [1][-]{section.3}{\376\377\000L\000i\000m\000p\000i\000e\000z\000a\000\040\000y\000\040\000C\000o\000d\000i\000f\000i\000c\000a\000c\000i\000\363\000n\000\040\000i\000n\000i\000c\000i\000a\000l\000\040}{}% 3
\BOOKMARK [2][-]{subsection.3.1}{\376\377\000P\000r\000o\000c\000e\000s\000a\000m\000i\000e\000n\000t\000o\000\040\000y\000\040\000c\000o\000d\000i\000f\000i\000c\000a\000c\000i\000\363\000n}{section.3}% 4
\BOOKMARK [2][-]{subsection.3.2}{\376\377\000C\000o\000n\000t\000r\000o\000l\000\040\000d\000e\000\040\000c\000a\000l\000i\000d\000a\000d\000\040\000d\000e\000\040\000l\000o\000s\000\040\000d\000a\000t\000o\000s}{section.3}% 5
\BOOKMARK [2][-]{subsection.3.3}{\376\377\000T\000r\000a\000t\000a\000m\000i\000e\000n\000t\000o\000\040\000d\000e\000\040\000d\000a\000t\000o\000s\000\040\000f\000a\000l\000t\000a\000n\000t\000e\000s}{section.3}% 6
\BOOKMARK [1][-]{section.4}{\376\377\000A\000n\000\341\000l\000i\000s\000i\000s\000\040\000e\000x\000p\000l\000o\000r\000a\000t\000o\000r\000i\000o\000\040\000d\000e\000\040\000d\000a\000t\000o\000s\000\040\000\050\000E\000D\000A\000\051\000\040}{}% 7
\BOOKMARK [1][-]{section.5}{\376\377\000M\000o\000d\000e\000l\000a\000c\000i\000\363\000n\000\040\000e\000\040\000i\000n\000f\000e\000r\000e\000n\000c\000i\000a}{}% 8
\BOOKMARK [2][-]{subsection.5.1}{\376\377\000P\000l\000a\000n\000\040\000d\000e\000\040\000m\000o\000d\000e\000l\000o\000s}{section.5}% 9
\BOOKMARK [2][-]{subsection.5.2}{\376\377\000M\000o\000d\000e\000l\000o\000\040\000g\000e\000n\000e\000r\000a\000l\000\040\000y\000\040\000s\000u\000p\000u\000e\000s\000t\000o\000s}{section.5}% 10
\BOOKMARK [1][-]{section.6}{\376\377\000D\000i\000a\000g\000n\000\363\000s\000t\000i\000c\000o\000\040\000y\000\040\000r\000e\000m\000e\000d\000i\000o\000s}{}% 11
\BOOKMARK [2][-]{subsection.6.1}{\376\377\000V\000e\000r\000i\000f\000i\000c\000a\000c\000i\000\363\000n\000\040\000s\000u\000p\000u\000e\000s\000t\000o\000s\000\040\000m\000o\000d\000e\000l\000o\000\040\000i\000n\000i\000c\000i\000a\000l}{section.6}% 12
\BOOKMARK [2][-]{subsection.6.2}{\376\377\000E\000s\000t\000r\000a\000t\000e\000g\000i\000a\000\040\000y\000\040\000r\000e\000m\000e\000d\000i\000o\000s\000\040\000p\000r\000o\000p\000u\000e\000s\000t\000o\000s}{section.6}% 13
\BOOKMARK [1][-]{section.7}{\376\377\000S\000e\000l\000e\000c\000c\000i\000\363\000n\000,\000\040\000V\000a\000l\000i\000d\000a\000c\000i\000\363\000n\000\040\000y\000\040\000R\000e\000s\000u\000l\000t\000a\000d\000o\000s\000\040\000d\000e\000l\000\040\000M\000o\000d\000e\000l\000o\000\040\000F\000i\000n\000a\000l}{}% 14
\BOOKMARK [2][-]{subsection.7.1}{\376\377\000A\000n\000\341\000l\000i\000s\000i\000s\000\040\000d\000e\000\040\000s\000e\000n\000s\000i\000b\000i\000l\000i\000d\000a\000d\000\040\000y\000\040\000t\000r\000a\000n\000s\000f\000o\000r\000m\000a\000c\000i\000o\000n\000e\000s\000\040\000f\000u\000n\000c\000i\000o\000n\000a\000l\000e\000s}{section.7}% 15
\BOOKMARK [3][-]{subsubsection.7.1.1}{\376\377\000P\000r\000o\000f\000u\000n\000d\000i\000d\000a\000d}{subsection.7.1}% 16
\BOOKMARK [3][-]{subsubsection.7.1.2}{\376\377\000V\000a\000r\000i\000a\000b\000l\000e\000s\000\040\000t\000\351\000c\000n\000i\000c\000a\000s}{subsection.7.1}% 17
\BOOKMARK [2][-]{subsection.7.2}{\376\377\000I\000n\000t\000e\000g\000r\000a\000c\000i\000\363\000n\000\040\000e\000n\000\040\000l\000a\000\040\000S\000e\000c\000u\000e\000n\000c\000i\000a\000\040\000G\000\040\000y\000\040\000r\000e\000d\000u\000c\000c\000i\000\363\000n\000\040\000h\000a\000c\000i\000a\000\040\000G\000\040\000f\000i\000n\000a\000l}{section.7}% 18
\BOOKMARK [2][-]{subsection.7.3}{\376\377\000E\000s\000p\000e\000c\000i\000f\000i\000c\000a\000c\000i\000\363\000n\000\040\000f\000i\000n\000a\000l\000\040\000y\000\040\000c\000o\000e\000f\000i\000c\000i\000e\000n\000t\000e\000s\000\040\000d\000e\000l\000\040\000m\000o\000d\000e\000l\000o\000\040\000f\000i\000n\000a\000l}{section.7}% 19
\BOOKMARK [2][-]{subsection.7.4}{\376\377\000D\000i\000a\000g\000n\000\363\000s\000t\000i\000c\000o\000\040\000d\000e\000\040\000c\000o\000n\000f\000i\000r\000m\000a\000c\000i\000\363\000n\000\040\000d\000e\000l\000\040\000m\000o\000d\000e\000l\000o\000\040\000d\000e\000f\000i\000n\000i\000t\000i\000v\000o}{section.7}% 20
\BOOKMARK [3][-]{subsubsection.7.4.1}{\376\377\000G\000e\000o\000m\000e\000t\000r\000\355\000a\000\040\000y\000\040\000c\000o\000l\000i\000n\000e\000a\000l\000i\000d\000a\000d}{subsection.7.4}% 21
\BOOKMARK [3][-]{subsubsection.7.4.2}{\376\377\000I\000n\000f\000l\000u\000e\000n\000c\000i\000a\000\040\000y\000\040\000r\000o\000b\000u\000s\000t\000e\000z}{subsection.7.4}% 22
\BOOKMARK [3][-]{subsubsection.7.4.3}{\376\377\000P\000r\000u\000e\000b\000a\000s\000\040\000f\000o\000r\000m\000a\000l\000e\000s\000\040\000d\000e\000\040\000d\000i\000a\000g\000n\000\363\000s\000t\000i\000c\000o}{subsection.7.4}% 23
\BOOKMARK [2][-]{subsection.7.5}{\376\377\000V\000a\000l\000i\000d\000a\000c\000i\000\363\000n\000\040\000c\000r\000u\000z\000a\000d\000a\000\040\000f\000u\000e\000r\000a\000\040\000d\000e\000\040\000l\000a\000\040\000m\000u\000e\000s\000t\000r\000a}{section.7}% 24
\BOOKMARK [1][-]{section.8}{\376\377\000I\000n\000t\000e\000r\000p\000r\000e\000t\000a\000c\000i\000\363\000n\000,\000\040\000l\000i\000m\000i\000t\000a\000c\000i\000o\000n\000e\000s\000\040\000y\000\040\000a\000c\000c\000i\000\363\000n\000\040\000p\000r\000o\000p\000u\000e\000s\000t\000a}{}% 25
\BOOKMARK [1][-]{section.9}{\376\377\000R\000e\000p\000r\000o\000d\000u\000c\000i\000b\000i\000l\000i\000d\000a\000d}{}% 26
